// Jest Snapshot v1, https://goo.gl/fbAQLP

exports[`App.vue renders 1`] = `
<div id="app" class="light">
  <icons-stub></icons-stub>
  <navigation-stub></navigation-stub>
  <sidebar-stub></sidebar-stub>
  <main class="content">
    <router-view-stub name="default"></router-view-stub>
  </main>
</div>
`;
