// Jest Snapshot v1, https://goo.gl/fbAQLP

exports[`Collections.vue renders 1`] = `
<div class="sidebar__group collections">
  <div class="sidebar__groupItems">
    <sidebaritem-stub route="collection" collection="[object Object]"></sidebaritem-stub>
    <sidebaritem-stub route="collection" collection="[object Object]"></sidebaritem-stub>
  </div>
</div>
`;
